
> nfood@0.1.0 build
> next build

Ôû▓ Next.js 16.2.2 (Turbopack)
- Environments: .env

  Creating an optimized production build ...
node.exe : 
En C:\Program Files\nodejs\npm.ps1: 29 
Carácter: 3
+   & $NODE_EXE $NPM_CLI_JS $args
+   ~~~~~~~~~~~~~~~~~~~~~~~~~~~~~
    + CategoryInfo          : NotSpecifi 
   ed: (:String) [], RemoteException
    + FullyQualifiedErrorId : NativeComm 
   andError
 
> Build error occurred
Error: Turbopack build failed with 36 
errors:
./app/admin/live/page.tsx:6:1
Module not found: Can't resolve 
'@/components/ui/badge'
  [90m4 |[0m [36mimport[0m { 
[33mCopy[0m, [33mNavigation[0m, 
[33mPhone[0m, [33mMessageCircle[0m, 
[33mAlertCircle[0m, [33mTrash2[0m } 
[36mfrom[0m [32m"lucide-react"[0m;
  [90m5 |[0m [36mimport[0m { 
[33mButton[0m } [36mfrom[0m 
[32m"@/components/ui/button"[0m;
[31m[1m>[0m [90m6 |[0m 
[36mimport[0m { [33mBadge[0m } 
[36mfrom[0m 
[32m"@/components/ui/badge"[0m;
  [90m  |[0m [31m[1m^^^^^^^^^^^^^^^^^
^^^^^^^^^^^^^^^^^^^^^^^^^^^^^[0m
  [90m7 |[0m [36mimport[0m { 
[33mCard[0m, [33mCardContent[0m, 
[33mCardFooter[0m, 
[33mCardHeader[0m, [33mCardTitle[0m 
} [36mfrom[0m 
[32m"@/components/ui/card"[0m;
  [90m8 |[0m [36mimport[0m { 
[33mSelect[0m, [33mSelectContent[0m, 
[33mSelectItem[0m, 
[33mSelectTrigger[0m, 
[33mSelectValue[0m } [36mfrom[0m 
[32m"@/components...[0m
  [90m9 |[0m [36mimport[0m { 
useToast } [36mfrom[0m 
[32m"@/hooks/use-toast"[0m;

Import map: aliased to relative 
'./components/ui/badge' inside of 
[project]/


Import traces:
  Client Component Browser:
    ./app/admin/live/page.tsx [Client 
Component Browser]
    ./app/admin/live/page.tsx [Server 
Component]

  Client Component SSR:
    ./app/admin/live/page.tsx [Client 
Component SSR]
    ./app/admin/live/page.tsx [Server 
Component]

https://nextjs.org/docs/messages/module-n
ot-found


./components/Navbar.tsx:8:1
Module not found: Can't resolve 
'@/components/ui/badge'
  [90m 6 |[0m [36mimport[0m { 
[33mButton[0m } [36mfrom[0m 
[32m"@/components/ui/button"[0m;
  [90m 7 |[0m [36mimport[0m { 
[33mSheet[0m, [33mSheetContent[0m, 
[33mSheetHeader[0m, 
[33mSheetTitle[0m, 
[33mSheetTrigger[0m } [36mfrom[0m 
[32m"@/components/u...[0m
[31m[1m>[0m [90m 8 |[0m 
[36mimport[0m { [33mBadge[0m } 
[36mfrom[0m 
[32m"@/components/ui/badge"[0m;
  [90m   |[0m [31m[1m^^^^^^^^^^^^^^^^
^^^^^^^^^^^^^^^^^^^^^^^^^^^^^^[0m
  [90m 9 |[0m
  [90m10 |[0m [36mexport[0m 
[36mfunction[0m [33mNavbar[0m() {
  [90m11 |[0m   [36mconst[0m items = 
useCartStore((state) => state.items);

Import map: aliased to relative 
'./components/ui/badge' inside of 
[project]/


Import trace:
  Server Component:
    ./components/Navbar.tsx
    ./app/(store)/layout.tsx

https://nextjs.org/docs/messages/module-n
ot-found


./app/(store)/page.tsx:2:1
Module not found: Can't resolve 
'@/components/ui/card'
  [90m1 |[0m ...risma } [36mfrom[0m 
[32m"@/lib/prisma"[0m;
[31m[1m>[0m [90m2 |[0m 
...[33mard[0m, [33mCardContent[0m, 
[33mCardDescription[0m, 
[33mCardFooter[0m, 
[33mCardHeader[0m, [33mCardTitle[0m 
} [36mfrom[0m [32m"@/component...[0m
  [90m  |[0m    [31m[1m^^^^^^^^^^^^^^
^^^^^^^^^^^^^^^^^^^^^^^^^^^^^^^^^^^^^^^^^
^^^^^^^^^^^^^^^^^^^^^^^^^^^^^^^^^^^^[0m
  [90m3 |[0m ...[33madge[0m } 
[36mfrom[0m 
[32m"@/components/ui/badge"[0m;
  [90m4 |[0m ...[33mutton[0m } 
[36mfrom[0m 
[32m"@/components/ui/button"[0m;
  [90m5 |[0m ...[33mge[0m 
[36mfrom[0m [32m"next/image"[0m;

Import map: aliased to relative 
'./components/ui/card' inside of 
[project]/


https://nextjs.org/docs/messages/module-n
ot-found


./app/(store)/track/[id]/page.tsx:4:1
Module not found: Can't resolve 
'@/components/ui/card'
  [90m2 |[0m [36mimport[0m { 
notFound } [36mfrom[0m 
[32m"next/navigation"[0m;
  [90m3 |[0m [36mimport[0m { 
[33mCopy[0m, [33mMapPin[0m, 
[33mPackage[0m, [33mCheckCircle2[0m, 
[33mClock[0m, [33mMapPinIcon[0m } 
[36mfrom[0m [32m"lucide-react"[0m;
[31m[1m>[0m [90m4 |[0m 
[36mimport[0m { [33mCard[0m, 
[33mCardContent[0m, 
[33mCardHeader[0m, [33mCardTitle[0m 
} [36mfrom[0m 
[32m"@/components/ui/card"[0m;
  [90m  |[0m [31m[1m^^^^^^^^^^^^^^^^^
^^^^^^^^^^^^^^^^^^^^^^^^^^^^^^^^^^^^^^^^^
^^^^^^^^^^^^^^^^^^^^^^[0m
  [90m5 |[0m [36mimport[0m { 
[33mBadge[0m } [36mfrom[0m 
[32m"@/components/ui/badge"[0m;
  [90m6 |[0m [36mimport[0m 
[33mAutoRefresh[0m [36mfrom[0m 
[32m"./AutoRefresh"[0m;
  [90m7 |[0m

Import map: aliased to relative 
'./components/ui/card' inside of 
[project]/


https://nextjs.org/docs/messages/module-n
ot-found


./app/admin/catalog/CatalogClient.tsx:9:1
Module not found: Can't resolve 
'@/components/ui/card'
  [90m 7 |[0m ...[33mbel[0m } 
[36mfrom[0m 
[32m"@/components/ui/label"[0m;
  [90m 8 |[0m ...[33mitch[0m } 
[36mfrom[0m 
[32m"@/components/ui/switch"[0m;
[31m[1m>[0m [90m 9 |[0m 
...[33mrd[0m, [33mCardContent[0m, 
[33mCardDescription[0m, 
[33mCardFooter[0m, 
[33mCardHeader[0m, [33mCardTitle[0m 
} [36mfrom[0m [32m"@/component...[0m
  [90m   |[0m    [31m[1m^^^^^^^^^^^^^
^^^^^^^^^^^^^^^^^^^^^^^^^^^^^^^^^^^^^^^^^
^^^^^^^^^^^^^^^^^^^^^^^^^^^^^^^^^^^^[0m
  [90m10 |[0m ...[33malog[0m, 
[33mDialogContent[0m, 
[33mDialogDescription[0m, 
[33mDialogFooter[0m, 
[33mDialogHeader[0m, 
[33mDialogTitle[0m, [33mDialog...[0m
  [90m11 |[0m ...[33mxtarea[0m } 
[36mfrom[0m 
[32m"@/components/ui/textarea"[0m;
  [90m12 |[0m ...dCategory, 
toggleCategory, addProduct, 
toggleProduct } [36mfrom[0m 
[32m"@/app/actions/admin-catalog"[0m;

Import map: aliased to relative 
'./components/ui/card' inside of 
[project]/


Import trace:
  Server Component:
    ./app/admin/catalog/CatalogClient.tsx
    ./app/admin/catalog/page.tsx

https://nextjs.org/docs/messages/module-n
ot-found


./app/admin/live/page.tsx:7:1
Module not found: Can't resolve 
'@/components/ui/card'
  [90m 5 |[0m ...[36mort[0m { 
[33mButton[0m } [36mfrom[0m 
[32m"@/components/ui/button"[0m;
  [90m 6 |[0m ...[36mort[0m { 
[33mBadge[0m } [36mfrom[0m 
[32m"@/components/ui/badge"[0m;
[31m[1m>[0m [90m 7 |[0m 
...[36mort[0m { [33mCard[0m, 
[33mCardContent[0m, 
[33mCardFooter[0m, 
[33mCardHeader[0m, [33mCardTitle[0m 
} [36mfrom[0m 
[32m"@/components/ui/card"[0m;
  [90m   |[0m    [31m[1m^^^^^^^^^^^^^
^^^^^^^^^^^^^^^^^^^^^^^^^^^^^^^^^^^^^^^^^
^^^^^^^^^^^^^^^^^^^^^^^^^^^^^^^^^^^^[0m
  [90m 8 |[0m ...[36mort[0m { 
[33mSelect[0m, [33mSelectContent[0m, 
[33mSelectItem[0m, 
[33mSelectTrigger[0m, 
[33mSelectValue[0m } [36mfrom[0m 
[32m"@/component...[0m
  [90m 9 |[0m ...[36mort[0m { 
useToast } [36mfrom[0m 
[32m"@/hooks/use-toast"[0m;
  [90m10 |[0m ...[36mort[0m { 
updateOrderStatus, assignMessenger } 
[36mfrom[0m 
[32m"@/app/actions/admin-orders"[0m;

Import map: aliased to relative 
'./components/ui/card' inside of 
[project]/


Import traces:
  Client Component Browser:
    ./app/admin/live/page.tsx [Client 
Component Browser]
    ./app/admin/live/page.tsx [Server 
Component]

  Client Component SSR:
    ./app/admin/live/page.tsx [Client 
Component SSR]
    ./app/admin/live/page.tsx [Server 
Component]

https://nextjs.org/docs/messages/module-n
ot-found


./app/admin/settings/MessengerForm.tsx:9:
1
Module not found: Can't resolve 
'@/components/ui/card'
  [90m 7 |[0m ...[33mbel[0m } 
[36mfrom[0m 
[32m"@/components/ui/label"[0m;
  [90m 8 |[0m ...[33mitch[0m } 
[36mfrom[0m 
[32m"@/components/ui/switch"[0m;
[31m[1m>[0m [90m 9 |[0m 
...[33mrd[0m, [33mCardContent[0m, 
[33mCardDescription[0m, 
[33mCardFooter[0m, 
[33mCardHeader[0m, [33mCardTitle[0m 
} [36mfrom[0m [32m"@/component...[0m
  [90m   |[0m    [31m[1m^^^^^^^^^^^^^
^^^^^^^^^^^^^^^^^^^^^^^^^^^^^^^^^^^^^^^^^
^^^^^^^^^^^^^^^^^^^^^^^^^^^^^^^^^^^^[0m
  [90m10 |[0m ...dMessenger, 
toggleMessenger } [36mfrom[0m 
[32m"@/app/actions/admin-settings"[0m;
  [90m11 |[0m ...[33merPlus[0m, 
[33mBike[0m } [36mfrom[0m 
[32m"lucide-react"[0m;
  [90m12 |[0m ...

Import map: aliased to relative 
'./components/ui/card' inside of 
[project]/


Import trace:
  Server Component:
    
./app/admin/settings/MessengerForm.tsx
    ./app/admin/settings/page.tsx

https://nextjs.org/docs/messages/module-n
ot-found


./app/admin/settings/SettingsForm.tsx:10:
1
Module not found: Can't resolve 
'@/components/ui/card'
  [90m 8 |[0m ...[33mxtarea[0m } 
[36mfrom[0m 
[32m"@/components/ui/textarea"[0m;
  [90m 9 |[0m ...[33mitch[0m } 
[36mfrom[0m 
[32m"@/components/ui/switch"[0m;
[31m[1m>[0m [90m10 |[0m 
...[33mrd[0m, [33mCardContent[0m, 
[33mCardDescription[0m, 
[33mCardFooter[0m, 
[33mCardHeader[0m, [33mCardTitle[0m 
} [36mfrom[0m [32m"@/component...[0m
  [90m   |[0m    [31m[1m^^^^^^^^^^^^^
^^^^^^^^^^^^^^^^^^^^^^^^^^^^^^^^^^^^^^^^^
^^^^^^^^^^^^^^^^^^^^^^^^^^^^^^^^^^^^[0m
  [90m11 |[0m ...dateConfig } 
[36mfrom[0m 
[32m"@/app/actions/admin-settings"[0m;
  [90m12 |[0m ...[33mve[0m } 
[36mfrom[0m [32m"lucide-react"[0m;
  [90m13 |[0m ...

Import map: aliased to relative 
'./components/ui/card' inside of 
[project]/


Import trace:
  Server Component:
    ./app/admin/settings/SettingsForm.tsx
    ./app/admin/settings/page.tsx

https://nextjs.org/docs/messages/module-n
ot-found


./app/(store)/product/[id]/ProductDetails
Client.tsx:11:1
Module not found: Can't resolve 
'@/components/ui/checkbox'
  [90m 9 |[0m [36mimport[0m { 
useToast } [36mfrom[0m 
[32m"@/hooks/use-toast"[0m;
  [90m10 |[0m [36mimport[0m { 
[33mLabel[0m } [36mfrom[0m 
[32m"@/components/ui/label"[0m;
[31m[1m>[0m [90m11 |[0m 
[36mimport[0m { [33mCheckbox[0m } 
[36mfrom[0m 
[32m"@/components/ui/checkbox"[0m;
  [90m   |[0m [31m[1m^^^^^^^^^^^^^^^^
^^^^^^^^^^^^^^^^^^^^^^^^^^^^^^^^^^^^[0m
  [90m12 |[0m [36mimport[0m { 
[33mTextarea[0m } [36mfrom[0m 
[32m"@/components/ui/textarea"[0m;
  [90m13 |[0m
  [90m14 |[0m [36mexport[0m 
[36mfunction[0m 
[33mProductDetailsClient[0m({ product 
}: { product: any }) {

Import map: aliased to relative 
'./components/ui/checkbox' inside of 
[project]/


Import trace:
  Server Component:
    ./app/(store)/product/[id]/ProductDet
ailsClient.tsx
    ./app/(store)/product/[id]/page.tsx

https://nextjs.org/docs/messages/module-n
ot-found


./app/admin/catalog/CatalogClient.tsx:10:
1
Module not found: Can't resolve 
'@/components/ui/dialog'
  [90m 8 |[0m 
...[32mcomponents/ui/switch"[0m;
  [90m 9 |[0m ..., 
[33mCardDescription[0m, 
[33mCardFooter[0m, 
[33mCardHeader[0m, [33mCardTitle[0m 
} [36mfrom[0m 
[32m"@/components/ui/card"[0m;
[31m[1m>[0m [90m10 |[0m 
...[33mtent[0m, 
[33mDialogDescription[0m, 
[33mDialogFooter[0m, 
[33mDialogHeader[0m, 
[33mDialogTitle[0m, 
[33mDialogTrigger[0m } [36mfrom[0m 
[32m...[0m
  [90m   |[0m    [31m[1m^^^^^^^^^^^^^
^^^^^^^^^^^^^^^^^^^^^^^^^^^^^^^^^^^^^^^^^
^^^^^^^^^^^^^^^^^^^^^^^^^^^^^^^^^^^^[0m
  [90m11 |[0m 
...[32m@/components/ui/textarea"[0m;
  [90m12 |[0m ...leCategory, 
addProduct, toggleProduct } 
[36mfrom[0m 
[32m"@/app/actions/admin-catalog"[0m;
  [90m13 |[0m 
...[32m@/hooks/use-toast"[0m;

Import map: aliased to relative 
'./components/ui/dialog' inside of 
[project]/


Import trace:
  Server Component:
    ./app/admin/catalog/CatalogClient.tsx
    ./app/admin/catalog/page.tsx

https://nextjs.org/docs/messages/module-n
ot-found


./app/(store)/cart/page.tsx:8:1
Module not found: Can't resolve 
'@/components/ui/input'
  [90m 6 |[0m [36mimport[0m { 
useCartStore } [36mfrom[0m 
[32m"@/lib/store"[0m;
  [90m 7 |[0m [36mimport[0m { 
[33mButton[0m } [36mfrom[0m 
[32m"@/components/ui/button"[0m;
[31m[1m>[0m [90m 8 |[0m 
[36mimport[0m { [33mInput[0m } 
[36mfrom[0m 
[32m"@/components/ui/input"[0m;
  [90m   |[0m [31m[1m^^^^^^^^^^^^^^^^
^^^^^^^^^^^^^^^^^^^^^^^^^^^^^^[0m
  [90m 9 |[0m [36mimport[0m { 
[33mLabel[0m } [36mfrom[0m 
[32m"@/components/ui/label"[0m;
  [90m10 |[0m [36mimport[0m { 
[33mRadioGroup[0m, 
[33mRadioGroupItem[0m } [36mfrom[0m 
[32m"@/components/ui/radio-group"[0m;
  [90m11 |[0m [36mimport[0m { 
[33mSwitch[0m } [36mfrom[0m 
[32m"@/components/ui/switch"[0m;

Import map: aliased to relative 
'./components/ui/input' inside of 
[project]/


Import traces:
  Client Component Browser:
    ./app/(store)/cart/page.tsx [Client 
Component Browser]
    ./app/(store)/cart/page.tsx [Server 
Component]

  Client Component SSR:
    ./app/(store)/cart/page.tsx [Client 
Component SSR]
    ./app/(store)/cart/page.tsx [Server 
Component]

https://nextjs.org/docs/messages/module-n
ot-found


./app/admin/catalog/CatalogClient.tsx:6:1
Module not found: Can't resolve 
'@/components/ui/input'
  [90m4 |[0m [36mimport[0m { 
[33mPlus[0m, [33mTag[0m } 
[36mfrom[0m [32m"lucide-react"[0m;
  [90m5 |[0m [36mimport[0m { 
[33mButton[0m } [36mfrom[0m 
[32m"@/components/ui/button"[0m;
[31m[1m>[0m [90m6 |[0m 
[36mimport[0m { [33mInput[0m } 
[36mfrom[0m 
[32m"@/components/ui/input"[0m;
  [90m  |[0m [31m[1m^^^^^^^^^^^^^^^^^
^^^^^^^^^^^^^^^^^^^^^^^^^^^^^[0m
  [90m7 |[0m [36mimport[0m { 
[33mLabel[0m } [36mfrom[0m 
[32m"@/components/ui/label"[0m;
  [90m8 |[0m [36mimport[0m { 
[33mSwitch[0m } [36mfrom[0m 
[32m"@/components/ui/switch"[0m;
  [90m9 |[0m [36mimport[0m { 
[33mCard[0m, [33mCardContent[0m, 
[33mCardDescription[0m, 
[33mCardFooter[0m, 
[33mCardHeader[0m, [33mCardTitle[0m 
} [36mfrom[0m [32m"@/co...[0m

Import map: aliased to relative 
'./components/ui/input' inside of 
[project]/


Import trace:
  Server Component:
    ./app/admin/catalog/CatalogClient.tsx
    ./app/admin/catalog/page.tsx

https://nextjs.org/docs/messages/module-n
ot-found


./app/admin/settings/MessengerForm.tsx:6:
1
Module not found: Can't resolve 
'@/components/ui/input'
  [90m4 |[0m [36mimport[0m { 
useToast } [36mfrom[0m 
[32m"@/hooks/use-toast"[0m;
  [90m5 |[0m [36mimport[0m { 
[33mButton[0m } [36mfrom[0m 
[32m"@/components/ui/button"[0m;
[31m[1m>[0m [90m6 |[0m 
[36mimport[0m { [33mInput[0m } 
[36mfrom[0m 
[32m"@/components/ui/input"[0m;
  [90m  |[0m [31m[1m^^^^^^^^^^^^^^^^^
^^^^^^^^^^^^^^^^^^^^^^^^^^^^^[0m
  [90m7 |[0m [36mimport[0m { 
[33mLabel[0m } [36mfrom[0m 
[32m"@/components/ui/label"[0m;
  [90m8 |[0m [36mimport[0m { 
[33mSwitch[0m } [36mfrom[0m 
[32m"@/components/ui/switch"[0m;
  [90m9 |[0m [36mimport[0m { 
[33mCard[0m, [33mCardContent[0m, 
[33mCardDescription[0m, 
[33mCardFooter[0m, 
[33mCardHeader[0m, [33mCardTitle[0m 
} [36mfrom[0m [32m"@/co...[0m

Import map: aliased to relative 
'./components/ui/input' inside of 
[project]/


Import trace:
  Server Component:
    
./app/admin/settings/MessengerForm.tsx
    ./app/admin/settings/page.tsx

https://nextjs.org/docs/messages/module-n
ot-found


./app/(store)/cart/page.tsx:9:1
Module not found: Can't resolve 
'@/components/ui/label'
  [90m 7 |[0m [36mimport[0m { 
[33mButton[0m } [36mfrom[0m 
[32m"@/components/ui/button"[0m;
  [90m 8 |[0m [36mimport[0m { 
[33mInput[0m } [36mfrom[0m 
[32m"@/components/ui/input"[0m;
[31m[1m>[0m [90m 9 |[0m 
[36mimport[0m { [33mLabel[0m } 
[36mfrom[0m 
[32m"@/components/ui/label"[0m;
  [90m   |[0m [31m[1m^^^^^^^^^^^^^^^^
^^^^^^^^^^^^^^^^^^^^^^^^^^^^^^[0m
  [90m10 |[0m [36mimport[0m { 
[33mRadioGroup[0m, 
[33mRadioGroupItem[0m } [36mfrom[0m 
[32m"@/components/ui/radio-group"[0m;
  [90m11 |[0m [36mimport[0m { 
[33mSwitch[0m } [36mfrom[0m 
[32m"@/components/ui/switch"[0m;
  [90m12 |[0m [36mimport[0m { 
[33mTrash2[0m, [33mShoppingBag[0m, 
[33mArrowRight[0m } [36mfrom[0m 
[32m"lucide-react"[0m;

Import map: aliased to relative 
'./components/ui/label' inside of 
[project]/


Import traces:
  Client Component Browser:
    ./app/(store)/cart/page.tsx [Client 
Component Browser]
    ./app/(store)/cart/page.tsx [Server 
Component]

  Client Component SSR:
    ./app/(store)/cart/page.tsx [Client 
Component SSR]
    ./app/(store)/cart/page.tsx [Server 
Component]

https://nextjs.org/docs/messages/module-n
ot-found


./app/(store)/product/[id]/ProductDetails
Client.tsx:10:1
Module not found: Can't resolve 
'@/components/ui/label'
  [90m 8 |[0m [36mimport[0m { 
useCartStore } [36mfrom[0m 
[32m"@/lib/store"[0m;
  [90m 9 |[0m [36mimport[0m { 
useToast } [36mfrom[0m 
[32m"@/hooks/use-toast"[0m;
[31m[1m>[0m [90m10 |[0m 
[36mimport[0m { [33mLabel[0m } 
[36mfrom[0m 
[32m"@/components/ui/label"[0m;
  [90m   |[0m [31m[1m^^^^^^^^^^^^^^^^
^^^^^^^^^^^^^^^^^^^^^^^^^^^^^^[0m
  [90m11 |[0m [36mimport[0m { 
[33mCheckbox[0m } [36mfrom[0m 
[32m"@/components/ui/checkbox"[0m;
  [90m12 |[0m [36mimport[0m { 
[33mTextarea[0m } [36mfrom[0m 
[32m"@/components/ui/textarea"[0m;
  [90m13 |[0m

Import map: aliased to relative 
'./components/ui/label' inside of 
[project]/


Import trace:
  Server Component:
    ./app/(store)/product/[id]/ProductDet
ailsClient.tsx
    ./app/(store)/product/[id]/page.tsx

https://nextjs.org/docs/messages/module-n
ot-found


./app/admin/catalog/CatalogClient.tsx:7:1
Module not found: Can't resolve 
'@/components/ui/label'
  [90m 5 |[0m [36mimport[0m { 
[33mButton[0m } [36mfrom[0m 
[32m"@/components/ui/button"[0m;
  [90m 6 |[0m [36mimport[0m { 
[33mInput[0m } [36mfrom[0m 
[32m"@/components/ui/input"[0m;
[31m[1m>[0m [90m 7 |[0m 
[36mimport[0m { [33mLabel[0m } 
[36mfrom[0m 
[32m"@/components/ui/label"[0m;
  [90m   |[0m [31m[1m^^^^^^^^^^^^^^^^
^^^^^^^^^^^^^^^^^^^^^^^^^^^^^^[0m
  [90m 8 |[0m [36mimport[0m { 
[33mSwitch[0m } [36mfrom[0m 
[32m"@/components/ui/switch"[0m;
  [90m 9 |[0m [36mimport[0m { 
[33mCard[0m, [33mCardContent[0m, 
[33mCardDescription[0m, 
[33mCardFooter[0m, 
[33mCardHeader[0m, [33mCardTitle[0m 
} [36mfrom[0m [32m"@/c...[0m
  [90m10 |[0m [36mimport[0m { 
[33mDialog[0m, [33mDialogContent[0m, 
[33mDialogDescription[0m, 
[33mDialogFooter[0m, 
[33mDialogHeader[0m, 
[33mDialogTitle[0m..[33m.[0m

Import map: aliased to relative 
'./components/ui/label' inside of 
[project]/


Import trace:
  Server Component:
    ./app/admin/catalog/CatalogClient.tsx
    ./app/admin/catalog/page.tsx

https://nextjs.org/docs/messages/module-n
ot-found


./app/admin/settings/MessengerForm.tsx:7:
1
Module not found: Can't resolve 
'@/components/ui/label'
  [90m 5 |[0m [36mimport[0m { 
[33mButton[0m } [36mfrom[0m 
[32m"@/components/ui/button"[0m;
  [90m 6 |[0m [36mimport[0m { 
[33mInput[0m } [36mfrom[0m 
[32m"@/components/ui/input"[0m;
[31m[1m>[0m [90m 7 |[0m 
[36mimport[0m { [33mLabel[0m } 
[36mfrom[0m 
[32m"@/components/ui/label"[0m;
  [90m   |[0m [31m[1m^^^^^^^^^^^^^^^^
^^^^^^^^^^^^^^^^^^^^^^^^^^^^^^[0m
  [90m 8 |[0m [36mimport[0m { 
[33mSwitch[0m } [36mfrom[0m 
[32m"@/components/ui/switch"[0m;
  [90m 9 |[0m [36mimport[0m { 
[33mCard[0m, [33mCardContent[0m, 
[33mCardDescription[0m, 
[33mCardFooter[0m, 
[33mCardHeader[0m, [33mCardTitle[0m 
} [36mfrom[0m [32m"@/c...[0m
  [90m10 |[0m [36mimport[0m { 
addMessenger, toggleMessenger } 
[36mfrom[0m 
[32m"@/app/actions/admin-settings"[0m;

Import map: aliased to relative 
'./components/ui/label' inside of 
[project]/


Import trace:
  Server Component:
    
./app/admin/settings/MessengerForm.tsx
    ./app/admin/settings/page.tsx

https://nextjs.org/docs/messages/module-n
ot-found


./app/admin/settings/SettingsForm.tsx:7:1
Module not found: Can't resolve 
'@/components/ui/label'
  [90m 5 |[0m [36mimport[0m { 
[33mButton[0m } [36mfrom[0m 
[32m"@/components/ui/button"[0m;
  [90m 6 |[0m [36mimport[0m { 
[33mInput[0m } [36mfrom[0m 
[32m"@/components/ui/input"[0m;
[31m[1m>[0m [90m 7 |[0m 
[36mimport[0m { [33mLabel[0m } 
[36mfrom[0m 
[32m"@/components/ui/label"[0m;
  [90m   |[0m [31m[1m^^^^^^^^^^^^^^^^
^^^^^^^^^^^^^^^^^^^^^^^^^^^^^^[0m
  [90m 8 |[0m [36mimport[0m { 
[33mTextarea[0m } [36mfrom[0m 
[32m"@/components/ui/textarea"[0m;
  [90m 9 |[0m [36mimport[0m { 
[33mSwitch[0m } [36mfrom[0m 
[32m"@/components/ui/switch"[0m;
  [90m10 |[0m [36mimport[0m { 
[33mCard[0m, [33mCardContent[0m, 
[33mCardDescription[0m, 
[33mCardFooter[0m, 
[33mCardHeader[0m, [33mCardTitle[0m 
} [36mfrom[0m [32m"@/c...[0m

Import map: aliased to relative 
'./components/ui/label' inside of 
[project]/


Import trace:
  Server Component:
    ./app/admin/settings/SettingsForm.tsx
    ./app/admin/settings/page.tsx

https://nextjs.org/docs/messages/module-n
ot-found


./app/(store)/cart/page.tsx:10:1
Module not found: Can't resolve 
'@/components/ui/radio-group'
  [90m 8 |[0m [36mimport[0m { 
[33mInput[0m } [36mfrom[0m 
[32m"@/components/ui/input"[0m;
  [90m 9 |[0m [36mimport[0m { 
[33mLabel[0m } [36mfrom[0m 
[32m"@/components/ui/label"[0m;
[31m[1m>[0m [90m10 |[0m 
[36mimport[0m { [33mRadioGroup[0m, 
[33mRadioGroupItem[0m } [36mfrom[0m 
[32m"@/components/ui/radio-group"[0m;
  [90m   |[0m [31m[1m^^^^^^^^^^^^^^^^
^^^^^^^^^^^^^^^^^^^^^^^^^^^^^^^^^^^^^^^^^
^^^^^^^^^^^^^^^^[0m
  [90m11 |[0m [36mimport[0m { 
[33mSwitch[0m } [36mfrom[0m 
[32m"@/components/ui/switch"[0m;
  [90m12 |[0m [36mimport[0m { 
[33mTrash2[0m, [33mShoppingBag[0m, 
[33mArrowRight[0m } [36mfrom[0m 
[32m"lucide-react"[0m;
  [90m13 |[0m [36mimport[0m { 
createOrder } [36mfrom[0m 
[32m"@/app/actions/checkout"[0m;

Import map: aliased to relative 
'./components/ui/radio-group' inside of 
[project]/


Import traces:
  Client Component Browser:
    ./app/(store)/cart/page.tsx [Client 
Component Browser]
    ./app/(store)/cart/page.tsx [Server 
Component]

  Client Component SSR:
    ./app/(store)/cart/page.tsx [Client 
Component SSR]
    ./app/(store)/cart/page.tsx [Server 
Component]

https://nextjs.org/docs/messages/module-n
ot-found


./app/admin/live/page.tsx:8:1
Module not found: Can't resolve 
'@/components/ui/select'
  [90m 6 |[0m ... [33mBadge[0m } 
[36mfrom[0m 
[32m"@/components/ui/badge"[0m;
  [90m 7 |[0m ... [33mCard[0m, 
[33mCardContent[0m, 
[33mCardFooter[0m, 
[33mCardHeader[0m, [33mCardTitle[0m 
} [36mfrom[0m 
[32m"@/components/ui/card"[0m;
[31m[1m>[0m [90m 8 |[0m ... 
[33mSelect[0m, [33mSelectContent[0m, 
[33mSelectItem[0m, 
[33mSelectTrigger[0m, 
[33mSelectValue[0m } [36mfrom[0m 
[32m"@/components/ui/...[0m
  [90m   |[0m    [31m[1m^^^^^^^^^^^^^
^^^^^^^^^^^^^^^^^^^^^^^^^^^^^^^^^^^^^^^^^
^^^^^^^^^^^^^^^^^^^^^^^^^^^^^^^^^^^^[0m
  [90m 9 |[0m ... useToast } 
[36mfrom[0m 
[32m"@/hooks/use-toast"[0m;
  [90m10 |[0m ... updateOrderStatus, 
assignMessenger } [36mfrom[0m 
[32m"@/app/actions/admin-orders"[0m;
  [90m11 |[0m ...

Import map: aliased to relative 
'./components/ui/select' inside of 
[project]/


Import traces:
  Client Component Browser:
    ./app/admin/live/page.tsx [Client 
Component Browser]
    ./app/admin/live/page.tsx [Server 
Component]

  Client Component SSR:
    ./app/admin/live/page.tsx [Client 
Component SSR]
    ./app/admin/live/page.tsx [Server 
Component]

https://nextjs.org/docs/messages/module-n
ot-found


./app/admin/layout.tsx:4:1
Module not found: Can't resolve 
'@/components/ui/sheet'
  [90m2 |[0m [36mimport[0m { 
[33mLayoutDashboard[0m, 
[33mShoppingBag[0m, [33mSettings[0m, 
[33mMenu[0m } [36mfrom[0m 
[32m"lucide-react"[0m;
  [90m3 |[0m [36mimport[0m { 
[33mButton[0m } [36mfrom[0m 
[32m"@/components/ui/button"[0m;
[31m[1m>[0m [90m4 |[0m 
[36mimport[0m { [33mSheet[0m, 
[33mSheetContent[0m, 
[33mSheetTrigger[0m } [36mfrom[0m 
[32m"@/components/ui/sheet"[0m;
  [90m  |[0m [31m[1m^^^^^^^^^^^^^^^^^
^^^^^^^^^^^^^^^^^^^^^^^^^^^^^^^^^^^^^^^^^
^^^^^^^^^^^^^^^^[0m
  [90m5 |[0m
  [90m6 |[0m [36mexport[0m 
[36mdefault[0m [36mfunction[0m 
[33mAdminLayout[0m({ children }: { 
children: 
[33mReact[0m.[33mReactNode[0m }) {
  [90m7 |[0m   [36mconst[0m routes = 
[

Import map: aliased to relative 
'./components/ui/sheet' inside of 
[project]/


https://nextjs.org/docs/messages/module-n
ot-found


./components/Navbar.tsx:7:1
Module not found: Can't resolve 
'@/components/ui/sheet'
  [90m 5 |[0m ... { useCartStore } 
[36mfrom[0m [32m"@/lib/store"[0m;
  [90m 6 |[0m ... { [33mButton[0m } 
[36mfrom[0m 
[32m"@/components/ui/button"[0m;
[31m[1m>[0m [90m 7 |[0m ... { 
[33mSheet[0m, [33mSheetContent[0m, 
[33mSheetHeader[0m, 
[33mSheetTitle[0m, 
[33mSheetTrigger[0m } [36mfrom[0m 
[32m"@/components/ui/s...[0m
  [90m   |[0m    [31m[1m^^^^^^^^^^^^^
^^^^^^^^^^^^^^^^^^^^^^^^^^^^^^^^^^^^^^^^^
^^^^^^^^^^^^^^^^^^^^^^^^^^^^^^^^^^^^[0m
  [90m 8 |[0m ... { [33mBadge[0m } 
[36mfrom[0m 
[32m"@/components/ui/badge"[0m;
  [90m 9 |[0m ...
  [90m10 |[0m ... [36mfunction[0m 
[33mNavbar[0m() {

Import map: aliased to relative 
'./components/ui/sheet' inside of 
[project]/


Import trace:
  Server Component:
    ./components/Navbar.tsx
    ./app/(store)/layout.tsx

https://nextjs.org/docs/messages/module-n
ot-found


./app/(store)/cart/page.tsx:11:1
Module not found: Can't resolve 
'@/components/ui/switch'
  [90m 9 |[0m [36mimport[0m { 
[33mLabel[0m } [36mfrom[0m 
[32m"@/components/ui/label"[0m;
  [90m10 |[0m [36mimport[0m { 
[33mRadioGroup[0m, 
[33mRadioGroupItem[0m } [36mfrom[0m 
[32m"@/components/ui/radio-group"[0m;
[31m[1m>[0m [90m11 |[0m 
[36mimport[0m { [33mSwitch[0m } 
[36mfrom[0m 
[32m"@/components/ui/switch"[0m;
  [90m   |[0m [31m[1m^^^^^^^^^^^^^^^^
^^^^^^^^^^^^^^^^^^^^^^^^^^^^^^^^[0m
  [90m12 |[0m [36mimport[0m { 
[33mTrash2[0m, [33mShoppingBag[0m, 
[33mArrowRight[0m } [36mfrom[0m 
[32m"lucide-react"[0m;
  [90m13 |[0m [36mimport[0m { 
createOrder } [36mfrom[0m 
[32m"@/app/actions/checkout"[0m;
  [90m14 |[0m [36mimport[0m { 
useToast } [36mfrom[0m 
[32m"@/hooks/use-toast"[0m;

Import map: aliased to relative 
'./components/ui/switch' inside of 
[project]/


Import traces:
  Client Component Browser:
    ./app/(store)/cart/page.tsx [Client 
Component Browser]
    ./app/(store)/cart/page.tsx [Server 
Component]

  Client Component SSR:
    ./app/(store)/cart/page.tsx [Client 
Component SSR]
    ./app/(store)/cart/page.tsx [Server 
Component]

https://nextjs.org/docs/messages/module-n
ot-found


./app/admin/catalog/CatalogClient.tsx:8:1
Module not found: Can't resolve 
'@/components/ui/switch'
  [90m 6 |[0m [36mimport[0m { 
[33mInput[0m } [36mfrom[0m 
[32m"@/components/ui/input"[0m;
  [90m 7 |[0m [36mimport[0m { 
[33mLabel[0m } [36mfrom[0m 
[32m"@/components/ui/label"[0m;
[31m[1m>[0m [90m 8 |[0m 
[36mimport[0m { [33mSwitch[0m } 
[36mfrom[0m 
[32m"@/components/ui/switch"[0m;
  [90m   |[0m [31m[1m^^^^^^^^^^^^^^^^
^^^^^^^^^^^^^^^^^^^^^^^^^^^^^^^^[0m
  [90m 9 |[0m [36mimport[0m { 
[33mCard[0m, [33mCardContent[0m, 
[33mCardDescription[0m, 
[33mCardFooter[0m, 
[33mCardHeader[0m, [33mCardTitle[0m 
} [36mfrom[0m [32m"@/c...[0m
  [90m10 |[0m [36mimport[0m { 
[33mDialog[0m, [33mDialogContent[0m, 
[33mDialogDescription[0m, 
[33mDialogFooter[0m, 
[33mDialogHeader[0m, 
[33mDialogTitle[0m..[33m.[0m
  [90m11 |[0m [36mimport[0m { 
[33mTextarea[0m } [36mfrom[0m 
[32m"@/components/ui/textarea"[0m;

Import map: aliased to relative 
'./components/ui/switch' inside of 
[project]/


Import trace:
  Server Component:
    ./app/admin/catalog/CatalogClient.tsx
    ./app/admin/catalog/page.tsx

https://nextjs.org/docs/messages/module-n
ot-found


./app/admin/settings/MessengerForm.tsx:8:
1
Module not found: Can't resolve 
'@/components/ui/switch'
  [90m 6 |[0m [36mimport[0m { 
[33mInput[0m } [36mfrom[0m 
[32m"@/components/ui/input"[0m;
  [90m 7 |[0m [36mimport[0m { 
[33mLabel[0m } [36mfrom[0m 
[32m"@/components/ui/label"[0m;
[31m[1m>[0m [90m 8 |[0m 
[36mimport[0m { [33mSwitch[0m } 
[36mfrom[0m 
[32m"@/components/ui/switch"[0m;
  [90m   |[0m [31m[1m^^^^^^^^^^^^^^^^
^^^^^^^^^^^^^^^^^^^^^^^^^^^^^^^^[0m
  [90m 9 |[0m [36mimport[0m { 
[33mCard[0m, [33mCardContent[0m, 
[33mCardDescription[0m, 
[33mCardFooter[0m, 
[33mCardHeader[0m, [33mCardTitle[0m 
} [36mfrom[0m [32m"@/c...[0m
  [90m10 |[0m [36mimport[0m { 
addMessenger, toggleMessenger } 
[36mfrom[0m 
[32m"@/app/actions/admin-settings"[0m;
  [90m11 |[0m [36mimport[0m { 
[33mUserPlus[0m, [33mBike[0m } 
[36mfrom[0m [32m"lucide-react"[0m;

Import map: aliased to relative 
'./components/ui/switch' inside of 
[project]/


Import trace:
  Server Component:
    
./app/admin/settings/MessengerForm.tsx
    ./app/admin/settings/page.tsx

https://nextjs.org/docs/messages/module-n
ot-found


./app/admin/settings/SettingsForm.tsx:9:1
Module not found: Can't resolve 
'@/components/ui/switch'
  [90m 7 |[0m [36mimport[0m { 
[33mLabel[0m } [36mfrom[0m 
[32m"@/components/ui/label"[0m;
  [90m 8 |[0m [36mimport[0m { 
[33mTextarea[0m } [36mfrom[0m 
[32m"@/components/ui/textarea"[0m;
[31m[1m>[0m [90m 9 |[0m 
[36mimport[0m { [33mSwitch[0m } 
[36mfrom[0m 
[32m"@/components/ui/switch"[0m;
  [90m   |[0m [31m[1m^^^^^^^^^^^^^^^^
^^^^^^^^^^^^^^^^^^^^^^^^^^^^^^^^[0m
  [90m10 |[0m [36mimport[0m { 
[33mCard[0m, [33mCardContent[0m, 
[33mCardDescription[0m, 
[33mCardFooter[0m, 
[33mCardHeader[0m, [33mCardTitle[0m 
} [36mfrom[0m [32m"@/c...[0m
  [90m11 |[0m [36mimport[0m { 
updateConfig } [36mfrom[0m 
[32m"@/app/actions/admin-settings"[0m;
  [90m12 |[0m [36mimport[0m { 
[33mSave[0m } [36mfrom[0m 
[32m"lucide-react"[0m;

Import map: aliased to relative 
'./components/ui/switch' inside of 
[project]/


Import trace:
  Server Component:
    ./app/admin/settings/SettingsForm.tsx
    ./app/admin/settings/page.tsx

https://nextjs.org/docs/messages/module-n
ot-found


./app/(store)/product/[id]/ProductDetails
Client.tsx:12:1
Module not found: Can't resolve 
'@/components/ui/textarea'
  [90m10 |[0m [36mimport[0m { 
[33mLabel[0m } [36mfrom[0m 
[32m"@/components/ui/label"[0m;
  [90m11 |[0m [36mimport[0m { 
[33mCheckbox[0m } [36mfrom[0m 
[32m"@/components/ui/checkbox"[0m;
[31m[1m>[0m [90m12 |[0m 
[36mimport[0m { [33mTextarea[0m } 
[36mfrom[0m 
[32m"@/components/ui/textarea"[0m;
  [90m   |[0m [31m[1m^^^^^^^^^^^^^^^^
^^^^^^^^^^^^^^^^^^^^^^^^^^^^^^^^^^^^[0m
  [90m13 |[0m
  [90m14 |[0m [36mexport[0m 
[36mfunction[0m 
[33mProductDetailsClient[0m({ product 
}: { product: any }) {
  [90m15 |[0m   [36mconst[0m router 
= useRouter();

Import map: aliased to relative 
'./components/ui/textarea' inside of 
[project]/


Import trace:
  Server Component:
    ./app/(store)/product/[id]/ProductDet
ailsClient.tsx
    ./app/(store)/product/[id]/page.tsx

https://nextjs.org/docs/messages/module-n
ot-found


./app/admin/catalog/CatalogClient.tsx:11:
1
Module not found: Can't resolve 
'@/components/ui/textarea'
  [90m 9 |[0m [36mimport[0m { 
[33mCard[0m, [33mCardContent[0m, 
[33mCardDescription[0m, 
[33mCardFooter[0m, 
[33mCardHeader[0m, [33mCardTitle[0m 
} [36mfrom[0m [32m"@/c...[0m
  [90m10 |[0m [36mimport[0m { 
[33mDialog[0m, [33mDialogContent[0m, 
[33mDialogDescription[0m, 
[33mDialogFooter[0m, 
[33mDialogHeader[0m, 
[33mDialogTitle[0m..[33m.[0m
[31m[1m>[0m [90m11 |[0m 
[36mimport[0m { [33mTextarea[0m } 
[36mfrom[0m 
[32m"@/components/ui/textarea"[0m;
  [90m   |[0m [31m[1m^^^^^^^^^^^^^^^^
^^^^^^^^^^^^^^^^^^^^^^^^^^^^^^^^^^^^[0m
  [90m12 |[0m [36mimport[0m { 
addCategory, toggleCategory, addProduct, 
toggleProduct } [36mfrom[0m 
[32m"@/app/actions/admi...[0m
  [90m13 |[0m [36mimport[0m { 
useToast } [36mfrom[0m 
[32m"@/hooks/use-toast"[0m;
  [90m14 |[0m

Import map: aliased to relative 
'./components/ui/textarea' inside of 
[project]/


Import trace:
  Server Component:
    ./app/admin/catalog/CatalogClient.tsx
    ./app/admin/catalog/page.tsx

https://nextjs.org/docs/messages/module-n
ot-found


./app/admin/settings/SettingsForm.tsx:8:1
Module not found: Can't resolve 
'@/components/ui/textarea'
  [90m 6 |[0m [36mimport[0m { 
[33mInput[0m } [36mfrom[0m 
[32m"@/components/ui/input"[0m;
  [90m 7 |[0m [36mimport[0m { 
[33mLabel[0m } [36mfrom[0m 
[32m"@/components/ui/label"[0m;
[31m[1m>[0m [90m 8 |[0m 
[36mimport[0m { [33mTextarea[0m } 
[36mfrom[0m 
[32m"@/components/ui/textarea"[0m;
  [90m   |[0m [31m[1m^^^^^^^^^^^^^^^^
^^^^^^^^^^^^^^^^^^^^^^^^^^^^^^^^^^^^[0m
  [90m 9 |[0m [36mimport[0m { 
[33mSwitch[0m } [36mfrom[0m 
[32m"@/components/ui/switch"[0m;
  [90m10 |[0m [36mimport[0m { 
[33mCard[0m, [33mCardContent[0m, 
[33mCardDescription[0m, 
[33mCardFooter[0m, 
[33mCardHeader[0m, [33mCardTitle[0m 
} [36mfrom[0m [32m"@/c...[0m
  [90m11 |[0m [36mimport[0m { 
updateConfig } [36mfrom[0m 
[32m"@/app/actions/admin-settings"[0m;

Import map: aliased to relative 
'./components/ui/textarea' inside of 
[project]/


Import trace:
  Server Component:
    ./app/admin/settings/SettingsForm.tsx
    ./app/admin/settings/page.tsx

https://nextjs.org/docs/messages/module-n
ot-found


./app/layout.tsx:4:1
Module not found: Can't resolve 
'@/components/ui/toaster'
  [90m2 |[0m [36mimport[0m { 
[33mGeist[0m, [33mGeist_Mono[0m } 
[36mfrom[0m 
[32m"next/font/google"[0m;
  [90m3 |[0m [36mimport[0m 
[32m"./globals.css"[0m;
[31m[1m>[0m [90m4 |[0m 
[36mimport[0m { [33mToaster[0m } 
[36mfrom[0m 
[32m"@/components/ui/toaster"[0m;
  [90m  |[0m [31m[1m^^^^^^^^^^^^^^^^^
^^^^^^^^^^^^^^^^^^^^^^^^^^^^^^^^^[0m
  [90m5 |[0m
  [90m6 |[0m [36mconst[0m geistSans 
= [33mGeist[0m({
  [90m7 |[0m   variable: 
[32m"--font-geist-sans"[0m,

Import map: aliased to relative 
'./components/ui/toaster' inside of 
[project]/


https://nextjs.org/docs/messages/module-n
ot-found


./app/(store)/cart/page.tsx:14:1
Module not found: Can't resolve 
'@/hooks/use-toast'
  [90m12 |[0m [36mimport[0m { 
[33mTrash2[0m, [33mShoppingBag[0m, 
[33mArrowRight[0m } [36mfrom[0m 
[32m"lucide-react"[0m;
  [90m13 |[0m [36mimport[0m { 
createOrder } [36mfrom[0m 
[32m"@/app/actions/checkout"[0m;
[31m[1m>[0m [90m14 |[0m 
[36mimport[0m { useToast } 
[36mfrom[0m 
[32m"@/hooks/use-toast"[0m;
  [90m   |[0m [31m[1m^^^^^^^^^^^^^^^^
^^^^^^^^^^^^^^^^^^^^^^^^^^^^^[0m
  [90m15 |[0m
  [90m16 |[0m [36mexport[0m 
[36mdefault[0m [36mfunction[0m 
[33mCartPage[0m() {
  [90m17 |[0m   [36mconst[0m router 
= useRouter();

Import map: aliased to relative 
'./hooks/use-toast' inside of [project]/


Import traces:
  Client Component Browser:
    ./app/(store)/cart/page.tsx [Client 
Component Browser]
    ./app/(store)/cart/page.tsx [Server 
Component]

  Client Component SSR:
    ./app/(store)/cart/page.tsx [Client 
Component SSR]
    ./app/(store)/cart/page.tsx [Server 
Component]

https://nextjs.org/docs/messages/module-n
ot-found


./app/(store)/product/[id]/ProductDetails
Client.tsx:9:1
Module not found: Can't resolve 
'@/hooks/use-toast'
  [90m 7 |[0m [36mimport[0m { 
[33mButton[0m } [36mfrom[0m 
[32m"@/components/ui/button"[0m;
  [90m 8 |[0m [36mimport[0m { 
useCartStore } [36mfrom[0m 
[32m"@/lib/store"[0m;
[31m[1m>[0m [90m 9 |[0m 
[36mimport[0m { useToast } 
[36mfrom[0m 
[32m"@/hooks/use-toast"[0m;
  [90m   |[0m [31m[1m^^^^^^^^^^^^^^^^
^^^^^^^^^^^^^^^^^^^^^^^^^^^^^[0m
  [90m10 |[0m [36mimport[0m { 
[33mLabel[0m } [36mfrom[0m 
[32m"@/components/ui/label"[0m;
  [90m11 |[0m [36mimport[0m { 
[33mCheckbox[0m } [36mfrom[0m 
[32m"@/components/ui/checkbox"[0m;
  [90m12 |[0m [36mimport[0m { 
[33mTextarea[0m } [36mfrom[0m 
[32m"@/components/ui/textarea"[0m;

Import map: aliased to relative 
'./hooks/use-toast' inside of [project]/


Import trace:
  Server Component:
    ./app/(store)/product/[id]/ProductDet
ailsClient.tsx
    ./app/(store)/product/[id]/page.tsx

https://nextjs.org/docs/messages/module-n
ot-found


./app/admin/catalog/CatalogClient.tsx:13:
1
Module not found: Can't resolve 
'@/hooks/use-toast'
  [90m11 |[0m [36mimport[0m { 
[33mTextarea[0m } [36mfrom[0m 
[32m"@/components/ui/textarea"[0m;
  [90m12 |[0m [36mimport[0m { 
addCategory, toggleCategory, addProduct, 
toggleProduct } [36mfrom[0m 
[32m"@/app/actions/admi...[0m
[31m[1m>[0m [90m13 |[0m 
[36mimport[0m { useToast } 
[36mfrom[0m 
[32m"@/hooks/use-toast"[0m;
  [90m   |[0m [31m[1m^^^^^^^^^^^^^^^^
^^^^^^^^^^^^^^^^^^^^^^^^^^^^^[0m
  [90m14 |[0m
  [90m15 |[0m [36mexport[0m 
[36mfunction[0m 
[33mCatalogClient[0m({ 
initialCategories, allExtras }: { 
initialCategories: any[]...
  [90m16 |[0m   [36mconst[0m { toast 
} = useToast();

Import map: aliased to relative 
'./hooks/use-toast' inside of [project]/


Import trace:
  Server Component:
    ./app/admin/catalog/CatalogClient.tsx
    ./app/admin/catalog/page.tsx

https://nextjs.org/docs/messages/module-n
ot-found


./app/admin/live/page.tsx:9:1
Module not found: Can't resolve 
'@/hooks/use-toast'
  [90m 7 |[0m [36mimport[0m { 
[33mCard[0m, [33mCardContent[0m, 
[33mCardFooter[0m, 
[33mCardHeader[0m, [33mCardTitle[0m 
} [36mfrom[0m 
[32m"@/components/ui/card"[0m;
  [90m 8 |[0m [36mimport[0m { 
[33mSelect[0m, [33mSelectContent[0m, 
[33mSelectItem[0m, 
[33mSelectTrigger[0m, 
[33mSelectValue[0m } [36mfrom[0m 
[32m"@/component...[0m
[31m[1m>[0m [90m 9 |[0m 
[36mimport[0m { useToast } 
[36mfrom[0m 
[32m"@/hooks/use-toast"[0m;
  [90m   |[0m [31m[1m^^^^^^^^^^^^^^^^
^^^^^^^^^^^^^^^^^^^^^^^^^^^^^[0m
  [90m10 |[0m [36mimport[0m { 
updateOrderStatus, assignMessenger } 
[36mfrom[0m 
[32m"@/app/actions/admin-orders"[0m;
  [90m11 |[0m
  [90m12 |[0m [36mexport[0m 
[36mdefault[0m [36mfunction[0m 
[33mLiveDashboardPage[0m() {

Import map: aliased to relative 
'./hooks/use-toast' inside of [project]/


Import traces:
  Client Component Browser:
    ./app/admin/live/page.tsx [Client 
Component Browser]
    ./app/admin/live/page.tsx [Server 
Component]

  Client Component SSR:
    ./app/admin/live/page.tsx [Client 
Component SSR]
    ./app/admin/live/page.tsx [Server 
Component]

https://nextjs.org/docs/messages/module-n
ot-found


./app/admin/settings/MessengerForm.tsx:4:
1
Module not found: Can't resolve 
'@/hooks/use-toast'
  [90m2 |[0m
  [90m3 |[0m [36mimport[0m { 
useState } [36mfrom[0m 
[32m"react"[0m;
[31m[1m>[0m [90m4 |[0m 
[36mimport[0m { useToast } 
[36mfrom[0m 
[32m"@/hooks/use-toast"[0m;
  [90m  |[0m [31m[1m^^^^^^^^^^^^^^^^^
^^^^^^^^^^^^^^^^^^^^^^^^^^^^[0m
  [90m5 |[0m [36mimport[0m { 
[33mButton[0m } [36mfrom[0m 
[32m"@/components/ui/button"[0m;
  [90m6 |[0m [36mimport[0m { 
[33mInput[0m } [36mfrom[0m 
[32m"@/components/ui/input"[0m;
  [90m7 |[0m [36mimport[0m { 
[33mLabel[0m } [36mfrom[0m 
[32m"@/components/ui/label"[0m;

Import map: aliased to relative 
'./hooks/use-toast' inside of [project]/


Import trace:
  Server Component:
    
./app/admin/settings/MessengerForm.tsx
    ./app/admin/settings/page.tsx

https://nextjs.org/docs/messages/module-n
ot-found


./app/admin/settings/SettingsForm.tsx:4:1
Module not found: Can't resolve 
'@/hooks/use-toast'
  [90m2 |[0m
  [90m3 |[0m [36mimport[0m { 
useState } [36mfrom[0m 
[32m"react"[0m;
[31m[1m>[0m [90m4 |[0m 
[36mimport[0m { useToast } 
[36mfrom[0m 
[32m"@/hooks/use-toast"[0m;
  [90m  |[0m [31m[1m^^^^^^^^^^^^^^^^^
^^^^^^^^^^^^^^^^^^^^^^^^^^^^[0m
  [90m5 |[0m [36mimport[0m { 
[33mButton[0m } [36mfrom[0m 
[32m"@/components/ui/button"[0m;
  [90m6 |[0m [36mimport[0m { 
[33mInput[0m } [36mfrom[0m 
[32m"@/components/ui/input"[0m;
  [90m7 |[0m [36mimport[0m { 
[33mLabel[0m } [36mfrom[0m 
[32m"@/components/ui/label"[0m;

Import map: aliased to relative 
'./hooks/use-toast' inside of [project]/


Import trace:
  Server Component:
    ./app/admin/settings/SettingsForm.tsx
    ./app/admin/settings/page.tsx

https://nextjs.org/docs/messages/module-n
ot-found


    at <unknown> 
(./app/admin/live/page.tsx:6:1)
    at <unknown> (https://nextjs.org/docs
/messages/module-not-found)
    at <unknown> 
(./components/Navbar.tsx:8:1)
    at <unknown> (https://nextjs.org/docs
/messages/module-not-found)
    at <unknown> 
(./app/(store)/page.tsx:2:1)
    at <unknown> (https://nextjs.org/docs
/messages/module-not-found)
    at <unknown> 
(./app/(store)/track/[id]/page.tsx:4:1)
    at <unknown> (https://nextjs.org/docs
/messages/module-not-found)
    at <unknown> (./app/admin/catalog/Cat
alogClient.tsx:9:1)
    at <unknown> (https://nextjs.org/docs
/messages/module-not-found)
    at <unknown> 
(./app/admin/live/page.tsx:7:1)
    at <unknown> (https://nextjs.org/docs
/messages/module-not-found)
    at <unknown> (./app/admin/settings/Me
ssengerForm.tsx:9:1)
    at <unknown> (https://nextjs.org/docs
/messages/module-not-found)
    at <unknown> (./app/admin/settings/Se
ttingsForm.tsx:10:1)
    at <unknown> (https://nextjs.org/docs
/messages/module-not-found)
    at <unknown> (./app/(store)/product/[
id]/ProductDetailsClient.tsx:11:1)
    at <unknown> (https://nextjs.org/docs
/messages/module-not-found)
    at <unknown> (./app/admin/catalog/Cat
alogClient.tsx:10:1)
    at <unknown> (https://nextjs.org/docs
/messages/module-not-found)
    at <unknown> 
(./app/(store)/cart/page.tsx:8:1)
    at <unknown> (https://nextjs.org/docs
/messages/module-not-found)
    at <unknown> (./app/admin/catalog/Cat
alogClient.tsx:6:1)
    at <unknown> (https://nextjs.org/docs
/messages/module-not-found)
    at <unknown> (./app/admin/settings/Me
ssengerForm.tsx:6:1)
    at <unknown> (https://nextjs.org/docs
/messages/module-not-found)
    at <unknown> 
(./app/(store)/cart/page.tsx:9:1)
    at <unknown> (https://nextjs.org/docs
/messages/module-not-found)
    at <unknown> (./app/(store)/product/[
id]/ProductDetailsClient.tsx:10:1)
    at <unknown> (https://nextjs.org/docs
/messages/module-not-found)
    at <unknown> (./app/admin/catalog/Cat
alogClient.tsx:7:1)
    at <unknown> (https://nextjs.org/docs
/messages/module-not-found)
    at <unknown> (./app/admin/settings/Me
ssengerForm.tsx:7:1)
    at <unknown> (https://nextjs.org/docs
/messages/module-not-found)
    at <unknown> (./app/admin/settings/Se
ttingsForm.tsx:7:1)
    at <unknown> (https://nextjs.org/docs
/messages/module-not-found)
    at <unknown> 
(./app/(store)/cart/page.tsx:10:1)
    at <unknown> (https://nextjs.org/docs
/messages/module-not-found)
    at <unknown> 
(./app/admin/live/page.tsx:8:1)
    at <unknown> (https://nextjs.org/docs
/messages/module-not-found)
    at <unknown> 
(./app/admin/layout.tsx:4:1)
    at <unknown> (https://nextjs.org/docs
/messages/module-not-found)
    at <unknown> 
(./components/Navbar.tsx:7:1)
    at <unknown> (https://nextjs.org/docs
/messages/module-not-found)
    at <unknown> 
(./app/(store)/cart/page.tsx:11:1)
    at <unknown> (https://nextjs.org/docs
/messages/module-not-found)
    at <unknown> (./app/admin/catalog/Cat
alogClient.tsx:8:1)
    at <unknown> (https://nextjs.org/docs
/messages/module-not-found)
    at <unknown> (./app/admin/settings/Me
ssengerForm.tsx:8:1)
    at <unknown> (https://nextjs.org/docs
/messages/module-not-found)
    at <unknown> (./app/admin/settings/Se
ttingsForm.tsx:9:1)
    at <unknown> (https://nextjs.org/docs
/messages/module-not-found)
    at <unknown> (./app/(store)/product/[
id]/ProductDetailsClient.tsx:12:1)
    at <unknown> (https://nextjs.org/docs
/messages/module-not-found)
    at <unknown> (./app/admin/catalog/Cat
alogClient.tsx:11:1)
    at <unknown> (https://nextjs.org/docs
/messages/module-not-found)
    at <unknown> (./app/admin/settings/Se
ttingsForm.tsx:8:1)
    at <unknown> (https://nextjs.org/docs
/messages/module-not-found)
    at <unknown> (./app/layout.tsx:4:1)
    at <unknown> (https://nextjs.org/docs
/messages/module-not-found)
    at <unknown> 
(./app/(store)/cart/page.tsx:14:1)
    at <unknown> (https://nextjs.org/docs
/messages/module-not-found)
    at <unknown> (./app/(store)/product/[
id]/ProductDetailsClient.tsx:9:1)
    at <unknown> (https://nextjs.org/docs
/messages/module-not-found)
    at <unknown> (./app/admin/catalog/Cat
alogClient.tsx:13:1)
    at <unknown> (https://nextjs.org/docs
/messages/module-not-found)
    at <unknown> 
(./app/admin/live/page.tsx:9:1)
    at <unknown> (https://nextjs.org/docs
/messages/module-not-found)
    at <unknown> (./app/admin/settings/Me
ssengerForm.tsx:4:1)
    at <unknown> (https://nextjs.org/docs
/messages/module-not-found)
    at <unknown> (./app/admin/settings/Se
ttingsForm.tsx:4:1)
    at <unknown> (https://nextjs.org/docs
/messages/module-not-found)
